17:13:28 **** Incremental Build of configuration Debug for project test_EXTI ****
make -j8 all 
arm-none-eabi-gcc "../Core/Src/main.c" -mcpu=cortex-m4 -std=gnu11 -g3 -DDEBUG -DUSE_HAL_DRIVER -DSTM32F302x8 -c -I../Core/Inc -I../Drivers/STM32F3xx_HAL_Driver/Inc/Legacy -I../Drivers/STM32F3xx_HAL_Driver/Inc -I../Drivers/CMSIS/Device/ST/STM32F3xx/Include -I../Drivers/CMSIS/Include -O0 -ffunction-sections -fdata-sections -Wall -fstack-usage -fcyclomatic-complexity -MMD -MP -MF"Core/Src/main.d" -MT"Core/Src/main.o" --specs=nano.specs -mfpu=fpv4-sp-d16 -mfloat-abi=hard -mthumb -o "Core/Src/main.o"
arm-none-eabi-gcc -o "test_EXTI.elf" @"objects.list"   -mcpu=cortex-m4 -T"C:\Users\kyoumu\STM32CubeIDE\workspace_1.18.1\test_EXTI\STM32F302R8TX_FLASH.ld" --specs=nosys.specs -Wl,-Map="test_EXTI.map" -Wl,--gc-sections -static --specs=nano.specs -mfpu=fpv4-sp-d16 -mfloat-abi=hard -mthumb -Wl,--start-group -lc -lm -Wl,--end-group
Finished building target: test_EXTI.elf
 
arm-none-eabi-size  test_EXTI.elf 
arm-none-eabi-objdump -h -S test_EXTI.elf  > "test_EXTI.list"
   text	   data	    bss	    dec	    hex	filename
   7900	     12	   1572	   9484	   250c	test_EXTI.elf
Finished building: default.size.stdout
 
Finished building: test_EXTI.list
 
17:13:36 **** Incremental Build of configuration Debug for project test_EXTI ****
make -j8 all 
arm-none-eabi-size  test_EXTI.elf 
   text	   data	    bss	    dec	    hex	filename
   7900	     12	   1572	   9484	   250c	test_EXTI.elf
Finished building: default.size.stdout
 
17:16:03 **** Incremental Build of configuration Debug for project test_EXTI ****
make -j8 all 
arm-none-eabi-gcc "../Core/Src/main.c" -mcpu=cortex-m4 -std=gnu11 -g3 -DDEBUG -DUSE_HAL_DRIVER -DSTM32F302x8 -c -I../Core/Inc -I../Drivers/STM32F3xx_HAL_Driver/Inc/Legacy -I../Drivers/STM32F3xx_HAL_Driver/Inc -I../Drivers/CMSIS/Device/ST/STM32F3xx/Include -I../Drivers/CMSIS/Include -O0 -ffunction-sections -fdata-sections -Wall -fstack-usage -fcyclomatic-complexity -MMD -MP -MF"Core/Src/main.d" -MT"Core/Src/main.o" --specs=nano.specs -mfpu=fpv4-sp-d16 -mfloat-abi=hard -mthumb -o "Core/Src/main.o"
arm-none-eabi-gcc -o "test_EXTI.elf" @"objects.list"   -mcpu=cortex-m4 -T"C:\Users\kyoumu\STM32CubeIDE\workspace_1.18.1\test_EXTI\STM32F302R8TX_FLASH.ld" --specs=nosys.specs -Wl,-Map="test_EXTI.map" -Wl,--gc-sections -static --specs=nano.specs -mfpu=fpv4-sp-d16 -mfloat-abi=hard -mthumb -Wl,--start-group -lc -lm -Wl,--end-group
Finished building target: test_EXTI.elf
 
arm-none-eabi-size  test_EXTI.elf 
arm-none-eabi-objdump -h -S test_EXTI.elf  > "test_EXTI.list"
   text	   data	    bss	    dec	    hex	filename
   7896	     12	   1572	   9480	   2508	test_EXTI.elf
Finished building: default.size.stdout
 
Finished building: test_EXTI.list
 
17:16:59 **** Incremental Build of configuration Debug for project test_EXTI ****
make -j8 all 
arm-none-eabi-size  test_EXTI.elf 
   text	   data	    bss	    dec	    hex	filename
   7896	     12	   1572	   9480	   2508	test_EXTI.elf
Finished building: default.size.stdout
 
17:18:41 **** Incremental Build of configuration Debug for project test_EXTI ****
make -j8 all 
arm-none-eabi-gcc "../Core/Src/main.c" -mcpu=cortex-m4 -std=gnu11 -g3 -DDEBUG -DUSE_HAL_DRIVER -DSTM32F302x8 -c -I../Core/Inc -I../Drivers/STM32F3xx_HAL_Driver/Inc/Legacy -I../Drivers/STM32F3xx_HAL_Driver/Inc -I../Drivers/CMSIS/Device/ST/STM32F3xx/Include -I../Drivers/CMSIS/Include -O0 -ffunction-sections -fdata-sections -Wall -fstack-usage -fcyclomatic-complexity -MMD -MP -MF"Core/Src/main.d" -MT"Core/Src/main.o" --specs=nano.specs -mfpu=fpv4-sp-d16 -mfloat-abi=hard -mthumb -o "Core/Src/main.o"
arm-none-eabi-gcc -o "test_EXTI.elf" @"objects.list"   -mcpu=cortex-m4 -T"C:\Users\kyoumu\STM32CubeIDE\workspace_1.18.1\test_EXTI\STM32F302R8TX_FLASH.ld" --specs=nosys.specs -Wl,-Map="test_EXTI.map" -Wl,--gc-sections -static --specs=nano.specs -mfpu=fpv4-sp-d16 -mfloat-abi=hard -mthumb -Wl,--start-group -lc -lm -Wl,--end-group
Finished building target: test_EXTI.elf
 
arm-none-eabi-size  test_EXTI.elf 
arm-none-eabi-objdump -h -S test_EXTI.elf  > "test_EXTI.list"
   text	   data	    bss	    dec	    hex	filename
   8004	     12	   1572	   9588	   2574	test_EXTI.elf
Finished building: default.size.stdout
 
Finished building: test_EXTI.list
 
17:19:29 **** Incremental Build of configuration Debug for project test_EXTI ****
make -j8 all 
arm-none-eabi-gcc "../Core/Src/main.c" -mcpu=cortex-m4 -std=gnu11 -g3 -DDEBUG -DUSE_HAL_DRIVER -DSTM32F302x8 -c -I../Core/Inc -I../Drivers/STM32F3xx_HAL_Driver/Inc/Legacy -I../Drivers/STM32F3xx_HAL_Driver/Inc -I../Drivers/CMSIS/Device/ST/STM32F3xx/Include -I../Drivers/CMSIS/Include -O0 -ffunction-sections -fdata-sections -Wall -fstack-usage -fcyclomatic-complexity -MMD -MP -MF"Core/Src/main.d" -MT"Core/Src/main.o" --specs=nano.specs -mfpu=fpv4-sp-d16 -mfloat-abi=hard -mthumb -o "Core/Src/main.o"
arm-none-eabi-gcc -o "test_EXTI.elf" @"objects.list"   -mcpu=cortex-m4 -T"C:\Users\kyoumu\STM32CubeIDE\workspace_1.18.1\test_EXTI\STM32F302R8TX_FLASH.ld" --specs=nosys.specs -Wl,-Map="test_EXTI.map" -Wl,--gc-sections -static --specs=nano.specs -mfpu=fpv4-sp-d16 -mfloat-abi=hard -mthumb -Wl,--start-group -lc -lm -Wl,--end-group
Finished building target: test_EXTI.elf
 
arm-none-eabi-size  test_EXTI.elf 
arm-none-eabi-objdump -h -S test_EXTI.elf  > "test_EXTI.list"
   text	   data	    bss	    dec	    hex	filename
   7920	     12	   1572	   9504	   2520	test_EXTI.elf
Finished building: default.size.stdout
 
Finished building: test_EXTI.list
 
17:21:29 **** Incremental Build of configuration Debug for project test_EXTI ****
make -j8 all 
arm-none-eabi-gcc "../Core/Src/main.c" -mcpu=cortex-m4 -std=gnu11 -g3 -DDEBUG -DUSE_HAL_DRIVER -DSTM32F302x8 -c -I../Core/Inc -I../Drivers/STM32F3xx_HAL_Driver/Inc/Legacy -I../Drivers/STM32F3xx_HAL_Driver/Inc -I../Drivers/CMSIS/Device/ST/STM32F3xx/Include -I../Drivers/CMSIS/Include -O0 -ffunction-sections -fdata-sections -Wall -fstack-usage -fcyclomatic-complexity -MMD -MP -MF"Core/Src/main.d" -MT"Core/Src/main.o" --specs=nano.specs -mfpu=fpv4-sp-d16 -mfloat-abi=hard -mthumb -o "Core/Src/main.o"
arm-none-eabi-gcc "../Core/Src/stm32f3xx_hal_msp.c" -mcpu=cortex-m4 -std=gnu11 -g3 -DDEBUG -DUSE_HAL_DRIVER -DSTM32F302x8 -c -I../Core/Inc -I../Drivers/STM32F3xx_HAL_Driver/Inc/Legacy -I../Drivers/STM32F3xx_HAL_Driver/Inc -I../Drivers/CMSIS/Device/ST/STM32F3xx/Include -I../Drivers/CMSIS/Include -O0 -ffunction-sections -fdata-sections -Wall -fstack-usage -fcyclomatic-complexity -MMD -MP -MF"Core/Src/stm32f3xx_hal_msp.d" -MT"Core/Src/stm32f3xx_hal_msp.o" --specs=nano.specs -mfpu=fpv4-sp-d16 -mfloat-abi=hard -mthumb -o "Core/Src/stm32f3xx_hal_msp.o"
arm-none-eabi-gcc "../Core/Src/stm32f3xx_it.c" -mcpu=cortex-m4 -std=gnu11 -g3 -DDEBUG -DUSE_HAL_DRIVER -DSTM32F302x8 -c -I../Core/Inc -I../Drivers/STM32F3xx_HAL_Driver/Inc/Legacy -I../Drivers/STM32F3xx_HAL_Driver/Inc -I../Drivers/CMSIS/Device/ST/STM32F3xx/Include -I../Drivers/CMSIS/Include -O0 -ffunction-sections -fdata-sections -Wall -fstack-usage -fcyclomatic-complexity -MMD -MP -MF"Core/Src/stm32f3xx_it.d" -MT"Core/Src/stm32f3xx_it.o" --specs=nano.specs -mfpu=fpv4-sp-d16 -mfloat-abi=hard -mthumb -o "Core/Src/stm32f3xx_it.o"
arm-none-eabi-gcc -o "test_EXTI.elf" @"objects.list"   -mcpu=cortex-m4 -T"C:\Users\kyoumu\STM32CubeIDE\workspace_1.18.1\test_EXTI\STM32F302R8TX_FLASH.ld" --specs=nosys.specs -Wl,-Map="test_EXTI.map" -Wl,--gc-sections -static --specs=nano.specs -mfpu=fpv4-sp-d16 -mfloat-abi=hard -mthumb -Wl,--start-group -lc -lm -Wl,--end-group
Finished building target: test_EXTI.elf
 
arm-none-eabi-size  test_EXTI.elf 
arm-none-eabi-objdump -h -S test_EXTI.elf  > "test_EXTI.list"
   text	   data	    bss	    dec	    hex	filename
   7964	     12	   1572	   9548	   254c	test_EXTI.elf
Finished building: default.size.stdout
 
Finished building: test_EXTI.list
 
17:42:33 **** Incremental Build of configuration Debug for project test_EXTI ****
make -j8 all 
arm-none-eabi-gcc "../Core/Src/main.c" -mcpu=cortex-m4 -std=gnu11 -g3 -DDEBUG -DUSE_HAL_DRIVER -DSTM32F302x8 -c -I../Core/Inc -I../Drivers/STM32F3xx_HAL_Driver/Inc/Legacy -I../Drivers/STM32F3xx_HAL_Driver/Inc -I../Drivers/CMSIS/Device/ST/STM32F3xx/Include -I../Drivers/CMSIS/Include -O0 -ffunction-sections -fdata-sections -Wall -fstack-usage -fcyclomatic-complexity -MMD -MP -MF"Core/Src/main.d" -MT"Core/Src/main.o" --specs=nano.specs -mfpu=fpv4-sp-d16 -mfloat-abi=hard -mthumb -o "Core/Src/main.o"
arm-none-eabi-gcc "../Core/Src/stm32f3xx_hal_msp.c" -mcpu=cortex-m4 -std=gnu11 -g3 -DDEBUG -DUSE_HAL_DRIVER -DSTM32F302x8 -c -I../Core/Inc -I../Drivers/STM32F3xx_HAL_Driver/Inc/Legacy -I../Drivers/STM32F3xx_HAL_Driver/Inc -I../Drivers/CMSIS/Device/ST/STM32F3xx/Include -I../Drivers/CMSIS/Include -O0 -ffunction-sections -fdata-sections -Wall -fstack-usage -fcyclomatic-complexity -MMD -MP -MF"Core/Src/stm32f3xx_hal_msp.d" -MT"Core/Src/stm32f3xx_hal_msp.o" --specs=nano.specs -mfpu=fpv4-sp-d16 -mfloat-abi=hard -mthumb -o "Core/Src/stm32f3xx_hal_msp.o"
arm-none-eabi-gcc "../Core/Src/stm32f3xx_it.c" -mcpu=cortex-m4 -std=gnu11 -g3 -DDEBUG -DUSE_HAL_DRIVER -DSTM32F302x8 -c -I../Core/Inc -I../Drivers/STM32F3xx_HAL_Driver/Inc/Legacy -I../Drivers/STM32F3xx_HAL_Driver/Inc -I../Drivers/CMSIS/Device/ST/STM32F3xx/Include -I../Drivers/CMSIS/Include -O0 -ffunction-sections -fdata-sections -Wall -fstack-usage -fcyclomatic-complexity -MMD -MP -MF"Core/Src/stm32f3xx_it.d" -MT"Core/Src/stm32f3xx_it.o" --specs=nano.specs -mfpu=fpv4-sp-d16 -mfloat-abi=hard -mthumb -o "Core/Src/stm32f3xx_it.o"
arm-none-eabi-gcc -o "test_EXTI.elf" @"objects.list"   -mcpu=cortex-m4 -T"C:\Users\kyoumu\STM32CubeIDE\workspace_1.18.1\test_EXTI\STM32F302R8TX_FLASH.ld" --specs=nosys.specs -Wl,-Map="test_EXTI.map" -Wl,--gc-sections -static --specs=nano.specs -mfpu=fpv4-sp-d16 -mfloat-abi=hard -mthumb -Wl,--start-group -lc -lm -Wl,--end-group
Finished building target: test_EXTI.elf
 
arm-none-eabi-size  test_EXTI.elf 
arm-none-eabi-objdump -h -S test_EXTI.elf  > "test_EXTI.list"
   text	   data	    bss	    dec	    hex	filename
   7776	     12	   1572	   9360	   2490	test_EXTI.elf
Finished building: default.size.stdout
 
Finished building: test_EXTI.list
 
17:53:20 **** Incremental Build of configuration Debug for project test_EXTI ****
make -j8 all 
arm-none-eabi-gcc -o "test_EXTI.elf" @"objects.list"   -mcpu=cortex-m4 -T"C:\Users\kyoumu\STM32CubeIDE\workspace_1.18.1\test_EXTI\STM32F302R8TX_FLASH.ld" --specs=nosys.specs -Wl,-Map="test_EXTI.map" -Wl,--gc-sections -static --specs=nano.specs -mfpu=fpv4-sp-d16 -mfloat-abi=hard -mthumb -Wl,--start-group -lc -lm -Wl,--end-group
Finished building target: test_EXTI.elf
 
arm-none-eabi-size  test_EXTI.elf 
arm-none-eabi-objdump -h -S test_EXTI.elf  > "test_EXTI.list"
   text	   data	    bss	    dec	    hex	filename
   7776	     12	   1572	   9360	   2490	test_EXTI.elf
Finished building: default.size.stdout
 
Finished building: test_EXTI.list
 
17:56:17 **** Incremental Build of configuration Debug for project test_EXTI ****
make -j8 all 
arm-none-eabi-gcc "../Core/Src/main.c" -mcpu=cortex-m4 -std=gnu11 -g3 -DDEBUG -DUSE_HAL_DRIVER -DSTM32F302x8 -c -I../Core/Inc -I../Drivers/STM32F3xx_HAL_Driver/Inc/Legacy -I../Drivers/STM32F3xx_HAL_Driver/Inc -I../Drivers/CMSIS/Device/ST/STM32F3xx/Include -I../Drivers/CMSIS/Include -O0 -ffunction-sections -fdata-sections -Wall -fstack-usage -fcyclomatic-complexity -MMD -MP -MF"Core/Src/main.d" -MT"Core/Src/main.o" --specs=nano.specs -mfpu=fpv4-sp-d16 -mfloat-abi=hard -mthumb -o "Core/Src/main.o"
arm-none-eabi-gcc "../Core/Src/stm32f3xx_hal_msp.c" -mcpu=cortex-m4 -std=gnu11 -g3 -DDEBUG -DUSE_HAL_DRIVER -DSTM32F302x8 -c -I../Core/Inc -I../Drivers/STM32F3xx_HAL_Driver/Inc/Legacy -I../Drivers/STM32F3xx_HAL_Driver/Inc -I../Drivers/CMSIS/Device/ST/STM32F3xx/Include -I../Drivers/CMSIS/Include -O0 -ffunction-sections -fdata-sections -Wall -fstack-usage -fcyclomatic-complexity -MMD -MP -MF"Core/Src/stm32f3xx_hal_msp.d" -MT"Core/Src/stm32f3xx_hal_msp.o" --specs=nano.specs -mfpu=fpv4-sp-d16 -mfloat-abi=hard -mthumb -o "Core/Src/stm32f3xx_hal_msp.o"
arm-none-eabi-gcc "../Core/Src/stm32f3xx_it.c" -mcpu=cortex-m4 -std=gnu11 -g3 -DDEBUG -DUSE_HAL_DRIVER -DSTM32F302x8 -c -I../Core/Inc -I../Drivers/STM32F3xx_HAL_Driver/Inc/Legacy -I../Drivers/STM32F3xx_HAL_Driver/Inc -I../Drivers/CMSIS/Device/ST/STM32F3xx/Include -I../Drivers/CMSIS/Include -O0 -ffunction-sections -fdata-sections -Wall -fstack-usage -fcyclomatic-complexity -MMD -MP -MF"Core/Src/stm32f3xx_it.d" -MT"Core/Src/stm32f3xx_it.o" --specs=nano.specs -mfpu=fpv4-sp-d16 -mfloat-abi=hard -mthumb -o "Core/Src/stm32f3xx_it.o"
arm-none-eabi-gcc -o "test_EXTI.elf" @"objects.list"   -mcpu=cortex-m4 -T"C:\Users\kyoumu\STM32CubeIDE\workspace_1.18.1\test_EXTI\STM32F302R8TX_FLASH.ld" --specs=nosys.specs -Wl,-Map="test_EXTI.map" -Wl,--gc-sections -static --specs=nano.specs -mfpu=fpv4-sp-d16 -mfloat-abi=hard -mthumb -Wl,--start-group -lc -lm -Wl,--end-group
Finished building target: test_EXTI.elf
 
arm-none-eabi-size  test_EXTI.elf 
arm-none-eabi-objdump -h -S test_EXTI.elf  > "test_EXTI.list"
   text	   data	    bss	    dec	    hex	filename
   7952	     12	   1572	   9536	   2540	test_EXTI.elf
Finished building: default.size.stdout
 
Finished building: test_EXTI.list
 
17:58:03 **** Incremental Build of configuration Debug for project test_EXTI ****
make -j8 all 
arm-none-eabi-gcc "../Core/Src/main.c" -mcpu=cortex-m4 -std=gnu11 -g3 -DDEBUG -DUSE_HAL_DRIVER -DSTM32F302x8 -c -I../Core/Inc -I../Drivers/STM32F3xx_HAL_Driver/Inc/Legacy -I../Drivers/STM32F3xx_HAL_Driver/Inc -I../Drivers/CMSIS/Device/ST/STM32F3xx/Include -I../Drivers/CMSIS/Include -O0 -ffunction-sections -fdata-sections -Wall -fstack-usage -fcyclomatic-complexity -MMD -MP -MF"Core/Src/main.d" -MT"Core/Src/main.o" --specs=nano.specs -mfpu=fpv4-sp-d16 -mfloat-abi=hard -mthumb -o "Core/Src/main.o"
arm-none-eabi-gcc "../Core/Src/stm32f3xx_it.c" -mcpu=cortex-m4 -std=gnu11 -g3 -DDEBUG -DUSE_HAL_DRIVER -DSTM32F302x8 -c -I../Core/Inc -I../Drivers/STM32F3xx_HAL_Driver/Inc/Legacy -I../Drivers/STM32F3xx_HAL_Driver/Inc -I../Drivers/CMSIS/Device/ST/STM32F3xx/Include -I../Drivers/CMSIS/Include -O0 -ffunction-sections -fdata-sections -Wall -fstack-usage -fcyclomatic-complexity -MMD -MP -MF"Core/Src/stm32f3xx_it.d" -MT"Core/Src/stm32f3xx_it.o" --specs=nano.specs -mfpu=fpv4-sp-d16 -mfloat-abi=hard -mthumb -o "Core/Src/stm32f3xx_it.o"
arm-none-eabi-gcc -o "test_EXTI.elf" @"objects.list"   -mcpu=cortex-m4 -T"C:\Users\kyoumu\STM32CubeIDE\workspace_1.18.1\test_EXTI\STM32F302R8TX_FLASH.ld" --specs=nosys.specs -Wl,-Map="test_EXTI.map" -Wl,--gc-sections -static --specs=nano.specs -mfpu=fpv4-sp-d16 -mfloat-abi=hard -mthumb -Wl,--start-group -lc -lm -Wl,--end-group
Finished building target: test_EXTI.elf
 
arm-none-eabi-size  test_EXTI.elf 
arm-none-eabi-objdump -h -S test_EXTI.elf  > "test_EXTI.list"
   text	   data	    bss	    dec	    hex	filename
   7912	     12	   1572	   9496	   2518	test_EXTI.elf
Finished building: default.size.stdout
 
Finished building: test_EXTI.list
 
15:54:12 **** Build of configuration Debug for project test_EXTI ****
make -j8 all 
arm-none-eabi-gcc "../Core/Src/main.c" -mcpu=cortex-m4 -std=gnu11 -g3 -DDEBUG -DUSE_HAL_DRIVER -DSTM32F302x8 -c -I../Core/Inc -I../Drivers/STM32F3xx_HAL_Driver/Inc/Legacy -I../Drivers/STM32F3xx_HAL_Driver/Inc -I../Drivers/CMSIS/Device/ST/STM32F3xx/Include -I../Drivers/CMSIS/Include -O0 -ffunction-sections -fdata-sections -Wall -fstack-usage -fcyclomatic-complexity -MMD -MP -MF"Core/Src/main.d" -MT"Core/Src/main.o" --specs=nano.specs -mfpu=fpv4-sp-d16 -mfloat-abi=hard -mthumb -o "Core/Src/main.o"
arm-none-eabi-gcc -o "test_EXTI.elf" @"objects.list"   -mcpu=cortex-m4 -T"C:\Users\kyoumu\STM32CubeIDE\workspace_1.18.1\test_EXTI\STM32F302R8TX_FLASH.ld" --specs=nosys.specs -Wl,-Map="test_EXTI.map" -Wl,--gc-sections -static --specs=nano.specs -mfpu=fpv4-sp-d16 -mfloat-abi=hard -mthumb -Wl,--start-group -lc -lm -Wl,--end-group
Finished building target: test_EXTI.elf
 
arm-none-eabi-size  test_EXTI.elf 
arm-none-eabi-objdump -h -S test_EXTI.elf  > "test_EXTI.list"
   text	   data	    bss	    dec	    hex	filename
   7912	     12	   1572	   9496	   2518	test_EXTI.elf
Finished building: default.size.stdout
 
Finished building: test_EXTI.list
 
