15:54:12 **** Build of configuration Debug for project test_EXTI ****
make -j8 all 
arm-none-eabi-gcc "../Core/Src/main.c" -mcpu=cortex-m4 -std=gnu11 -g3 -DDEBUG -DUSE_HAL_DRIVER -DSTM32F302x8 -c -I../Core/Inc -I../Drivers/STM32F3xx_HAL_Driver/Inc/Legacy -I../Drivers/STM32F3xx_HAL_Driver/Inc -I../Drivers/CMSIS/Device/ST/STM32F3xx/Include -I../Drivers/CMSIS/Include -O0 -ffunction-sections -fdata-sections -Wall -fstack-usage -fcyclomatic-complexity -MMD -MP -MF"Core/Src/main.d" -MT"Core/Src/main.o" --specs=nano.specs -mfpu=fpv4-sp-d16 -mfloat-abi=hard -mthumb -o "Core/Src/main.o"
arm-none-eabi-gcc -o "test_EXTI.elf" @"objects.list"   -mcpu=cortex-m4 -T"C:\Users\kyoumu\STM32CubeIDE\workspace_1.18.1\test_EXTI\STM32F302R8TX_FLASH.ld" --specs=nosys.specs -Wl,-Map="test_EXTI.map" -Wl,--gc-sections -static --specs=nano.specs -mfpu=fpv4-sp-d16 -mfloat-abi=hard -mthumb -Wl,--start-group -lc -lm -Wl,--end-group
Finished building target: test_EXTI.elf
 
arm-none-eabi-size  test_EXTI.elf 
arm-none-eabi-objdump -h -S test_EXTI.elf  > "test_EXTI.list"
   text	   data	    bss	    dec	    hex	filename
   7912	     12	   1572	   9496	   2518	test_EXTI.elf
Finished building: default.size.stdout
 
Finished building: test_EXTI.list
 

15:54:18 Build Finished. 0 errors, 0 warnings. (took 5s.320ms)

