17:47:40 **** Incremental Build of configuration Debug for project TIM_PWM ****
make -j8 all 
arm-none-eabi-gcc "../Core/Src/main.c" -mcpu=cortex-m4 -std=gnu11 -g3 -DARM_MATH_CM4 -DDEBUG -DUSE_HAL_DRIVER -DSTM32F302x8 -D__FPU_ENABLE=1 -c -I../Core/Inc -I../Drivers/STM32F3xx_HAL_Driver/Inc/Legacy -I../Drivers/STM32F3xx_HAL_Driver/Inc -I../Drivers/CMSIS/Device/ST/STM32F3xx/Include -I../Drivers/CMSIS/Include -O0 -ffunction-sections -fdata-sections -Wall -fstack-usage -fcyclomatic-complexity -MMD -MP -MF"Core/Src/main.d" -MT"Core/Src/main.o" --specs=nano.specs -mfpu=fpv4-sp-d16 -mfloat-abi=hard -mthumb -o "Core/Src/main.o"
arm-none-eabi-gcc -o "TIM_PWM.elf" @"objects.list"   -mcpu=cortex-m4 -T"C:\Users\kyoumu\STM32CubeIDE\workspace_1.18.1\TIM_PWM\STM32F302R8TX_FLASH.ld" --specs=nosys.specs -Wl,-Map="TIM_PWM.map" -Wl,--gc-sections -static --specs=nano.specs -mfpu=fpv4-sp-d16 -mfloat-abi=hard -mthumb -Wl,--start-group -lc -lm -Wl,--end-group
Finished building target: TIM_PWM.elf
 
arm-none-eabi-size  TIM_PWM.elf 
arm-none-eabi-objdump -h -S TIM_PWM.elf  > "TIM_PWM.list"
   text	   data	    bss	    dec	    hex	filename
  13252	     12	   1644	  14908	   3a3c	TIM_PWM.elf
Finished building: default.size.stdout
 
Finished building: TIM_PWM.list
 

17:47:41 Build Finished. 0 errors, 0 warnings. (took 656ms)

